// Jest Snapshot v1, https://goo.gl/fbAQLP

exports[`Footer renders correctly 1`] = `
<footer
  className="black dark-gray bt b--black-05 ph3 pv2"
>
  <div
    className="mw7 center"
  >
    <p>
      <a
        className="ThickUnderline b near-black hover-gray DashedFocus"
        href="#"
        onClick={[Function]}
      >
        Show release notes
      </a>
    </p>
    <p>
      Pokémon © 2002-
      2020
       Pokémon. © 1995-
      2020
       
      Nintendo/Creatures Inc./GAME FREAK inc. ™, ® and Pokémon character names are trademarks of Nintendo.
    </p>
    <p>
      No copyright or trademark infringement is intended in using Pokémon content on this page.
    </p>
    <p>
      pkmn.help © 2013-
      2020
       
      <a
        className="b ThickUnderline near-black hover-gray DashedFocus"
        href="https://mockbrian.com"
      >
        Brian Mock
      </a>
      .
    </p>
  </div>
</footer>
`;
